[NX v22.5.4 Daemon Client] - 2026-03-20T13:09:22.891Z - [Client] Starting new daemon server in background
[NX v22.5.4 Daemon Client] - 2026-03-20T13:09:22.894Z - [Client] Waiting for server (max: 6000 attempts, 10ms interval)
[NX v22.5.4 Daemon Server] - 2026-03-20T13:09:23.046Z - New daemon starting from: /home/ladmin/showcase-projects/nx-rspack-module-federation/node_modules/.pnpm/nx@22.5.4_@swc-node+register@1.11.1_@swc+core@1.15.18_@swc+helpers@0.5.19__@swc+types@0_bbb5b99b83aec4369d94bcaeccf30b29/node_modules/nx/src/daemon/server/server.js
[NX v22.5.4 Daemon Server] - 2026-03-20T13:09:23.047Z - New daemon __dirname: /home/ladmin/showcase-projects/nx-rspack-module-federation/node_modules/.pnpm/nx@22.5.4_@swc-node+register@1.11.1_@swc+core@1.15.18_@swc+helpers@0.5.19__@swc+types@0_bbb5b99b83aec4369d94bcaeccf30b29/node_modules/nx/src/daemon/server
[NX v22.5.4 Daemon Server] - 2026-03-20T13:09:23.047Z - New daemon nxVersion: 22.5.4
[NX v22.5.4 Daemon Server] - 2026-03-20T13:09:23.048Z - New daemon getInstalledNxVersion(): 22.5.4
[NX v22.5.4 Daemon Server] - 2026-03-20T13:09:23.050Z - [Server] Starting outdated check interval (20ms)
[NX v22.5.4 Daemon Server] - 2026-03-20T13:09:23.051Z - Started listening on: /tmp/23abad0e77b3fff78e99/d.sock
[NX v22.5.4 Daemon Server] - 2026-03-20T13:09:23.052Z - [WATCHER]: Subscribed to changes within: /home/ladmin/showcase-projects/nx-rspack-module-federation (native)
[NX v22.5.4 Daemon Server] - 2026-03-20T13:09:23.053Z - [NX-CONSOLE]: Pulling latest Nx (latest) to check console status...
Fetching nx...
[NX v22.5.4 Daemon Server] - 2026-03-20T13:09:23.063Z - Established a connection. Number of open connections: 1
[NX v22.5.4 Daemon Client] - 2026-03-20T13:09:23.063Z - [Client] Server available after 16 attempts
[NX v22.5.4 Daemon Client] - 2026-03-20T13:09:23.063Z - [Client] Daemon server started, pid=4974
[NX v22.5.4 Daemon Client] - 2026-03-20T13:09:23.063Z - [Messenger] Setting up socket listeners
[NX v22.5.4 Daemon Server] - 2026-03-20T13:09:23.063Z - Established a connection. Number of open connections: 2
[NX v22.5.4 Daemon Client] - 2026-03-20T13:09:23.063Z - [Messenger] listen() complete
[NX v22.5.4 Daemon Client] - 2026-03-20T13:09:23.064Z - [Messenger] Sending message type: REQUEST_PROJECT_GRAPH
[NX v22.5.4 Daemon Client] - 2026-03-20T13:09:23.064Z - [Messenger] Message sent
[NX v22.5.4 Daemon Server] - 2026-03-20T13:09:23.065Z - Closed a connection. Number of open connections: 1
Time for 'plugin worker 5034 code loading' 10.359542000000001
Time for 'plugin worker 5035 code loading' 11.434427000000003
[NX v22.5.4 Daemon Server] - 2026-03-20T13:09:23.205Z - Time taken for 'start-plugin-worker:/home/ladmin/showcase-projects/nx-rspack-module-federation/node_modules/.pnpm/nx@22.5.4_@swc-node+register@1.11.1_@swc+core@1.15.18_@swc+helpers@0.5.19__@swc+types@0_bbb5b99b83aec4369d94bcaeccf30b29/node_modules/nx/src/plugins/js' 47.34526299999999ms
Time for 'plugin worker 5036 code loading' 12.166119000000002
[NX v22.5.4 Daemon Server] - 2026-03-20T13:09:23.210Z - Time taken for 'start-plugin-worker:/home/ladmin/showcase-projects/nx-rspack-module-federation/node_modules/.pnpm/nx@22.5.4_@swc-node+register@1.11.1_@swc+core@1.15.18_@swc+helpers@0.5.19__@swc+types@0_bbb5b99b83aec4369d94bcaeccf30b29/node_modules/nx/src/plugins/project-json/build-nodes/project-json' 50.286647000000016ms
Time for 'plugin worker 5046 code loading' 12.816176999999996
[NX v22.5.4 Daemon Server] - 2026-03-20T13:09:23.211Z - Time taken for 'start-plugin-worker:@nx/rspack/plugin' 49.191283ms
[NX v22.5.4 Daemon Server] - 2026-03-20T13:09:23.221Z - Time taken for 'start-plugin-worker:@nx/jest/plugin' 53.89820800000001ms
Time for 'plugin worker 5063 code loading' 15.948240000000002
[NX v22.5.4 Daemon Server] - 2026-03-20T13:09:23.231Z - Time taken for 'start-plugin-worker:@nx/eslint/plugin' 66.576618ms
Time for 'plugin worker 5052 code loading' 14.687036000000006
[NX v22.5.4 Daemon Server] - 2026-03-20T13:09:23.311Z - Received raw message of length 32
[NX v22.5.4 Daemon Server] - 2026-03-20T13:09:23.311Z - Received json message of type REQUEST_PROJECT_GRAPH
[NX v22.5.4 Daemon Server] - 2026-03-20T13:09:23.312Z - [REQUEST]: Client Request for Project Graph Received
[NX v22.5.4 Daemon Server] - 2026-03-20T13:09:23.456Z - Time taken for 'Load Nx Plugin: /home/ladmin/showcase-projects/nx-rspack-module-federation/node_modules/.pnpm/nx@22.5.4_@swc-node+register@1.11.1_@swc+core@1.15.18_@swc+helpers@0.5.19__@swc+types@0_bbb5b99b83aec4369d94bcaeccf30b29/node_modules/nx/src/plugins/package-json' 302.28941000000003ms
[NX v22.5.4 Daemon Server] - 2026-03-20T13:09:23.468Z - Time taken for 'Load Nx Plugin: /home/ladmin/showcase-projects/nx-rspack-module-federation/node_modules/.pnpm/nx@22.5.4_@swc-node+register@1.11.1_@swc+core@1.15.18_@swc+helpers@0.5.19__@swc+types@0_bbb5b99b83aec4369d94bcaeccf30b29/node_modules/nx/src/plugins/project-json/build-nodes/project-json' 314.094933ms
[NX v22.5.4 Daemon Server] - 2026-03-20T13:09:23.469Z - Time taken for 'loadDefaultNxPlugins' 315.748303ms
[NX v22.5.4 Daemon Server] - 2026-03-20T13:09:23.529Z - Time taken for 'Load Nx Plugin: @nx/jest/plugin' 373.86548100000005ms
[NX v22.5.4 Daemon Server] - 2026-03-20T13:09:23.568Z - Time taken for 'Load Nx Plugin: @nx/rspack/plugin' 413.23015100000003ms
[NX v22.5.4 Daemon Server] - 2026-03-20T13:09:23.602Z - [REQUEST]: Updated workspace context based on watched changes, recomputing project graph...
[NX v22.5.4 Daemon Server] - 2026-03-20T13:09:23.602Z - [REQUEST]: 
[NX v22.5.4 Daemon Server] - 2026-03-20T13:09:23.602Z - [REQUEST]: 
[NX v22.5.4 Daemon Server] - 2026-03-20T13:09:23.605Z - Reusing in-memory cached project graph because no files changed.
[NX v22.5.4 Daemon Server] - 2026-03-20T13:09:23.613Z - Time taken for 'loadSpecifiedNxPlugins' 447.326044ms
[NX v22.5.4 Daemon Server] - 2026-03-20T13:09:23.615Z - Established a connection. Number of open connections: 2
[NX v22.5.4 Daemon Server] - 2026-03-20T13:09:23.616Z - Closed a connection. Number of open connections: 1
[NX v22.5.4 Daemon Server] - 2026-03-20T13:09:23.616Z - Established a connection. Number of open connections: 2
[NX v22.5.4 Daemon Client] - 2026-03-20T13:09:23.616Z - [Messenger] Setting up socket listeners
[NX v22.5.4 Daemon Client] - 2026-03-20T13:09:23.616Z - [Messenger] listen() complete
[NX v22.5.4 Daemon Client] - 2026-03-20T13:09:23.617Z - [Messenger] Sending message type: GLOB
[NX v22.5.4 Daemon Client] - 2026-03-20T13:09:23.617Z - [Messenger] Message sent
[NX v22.5.4 Daemon Server] - 2026-03-20T13:09:23.618Z - Established a connection. Number of open connections: 3
[NX v22.5.4 Daemon Server] - 2026-03-20T13:09:23.618Z - Closed a connection. Number of open connections: 2
[NX v22.5.4 Daemon Server] - 2026-03-20T13:09:23.619Z - Established a connection. Number of open connections: 3
[NX v22.5.4 Daemon Client] - 2026-03-20T13:09:23.619Z - [Messenger] Setting up socket listeners
[NX v22.5.4 Daemon Client] - 2026-03-20T13:09:23.619Z - [Messenger] listen() complete
[NX v22.5.4 Daemon Client] - 2026-03-20T13:09:23.620Z - [Messenger] Sending message type: HASH_MULTI_GLOB
[NX v22.5.4 Daemon Client] - 2026-03-20T13:09:23.620Z - [Messenger] Message sent
Time for 'nx/js/dependencies-and-lockfile:createNodes' 98.39333800000003
Time for 'daemon-message-serialization-HASH_MULTI_GLOB' 0.10361399999999321
[NX v22.5.4 Daemon Server] - 2026-03-20T13:09:23.887Z - Received raw message of length 42
[NX v22.5.4 Daemon Server] - 2026-03-20T13:09:23.887Z - Received json message of type HASH_MULTI_GLOB
[NX v22.5.4 Daemon Server] - 2026-03-20T13:09:23.887Z - Serializing response for HASH_GLOB message in json mode
[NX v22.5.4 Daemon Server] - 2026-03-20T13:09:23.887Z - Responding to HASH_GLOB message
[NX v22.5.4 Daemon Server] - 2026-03-20T13:09:23.887Z - [REQUEST]: Responding to the client. handleHashMultiGlob
[NX v22.5.4 Daemon Server] - 2026-03-20T13:09:23.887Z - Done responding to the client handleHashMultiGlob
[NX v22.5.4 Daemon Server] - 2026-03-20T13:09:23.887Z - Handled json message HASH_GLOB. Handling time: 0. Response time: 0.
[NX v22.5.4 Daemon Client] - 2026-03-20T13:09:23.887Z - [Messenger] Received message, length: 2
Time for 'daemon-message-serialization-GLOB' 0.08424800000000232
[NX v22.5.4 Daemon Server] - 2026-03-20T13:09:23.888Z - Received raw message of length 73
[NX v22.5.4 Daemon Server] - 2026-03-20T13:09:23.888Z - Received json message of type GLOB
[NX v22.5.4 Daemon Server] - 2026-03-20T13:09:23.888Z - Serializing response for GLOB message in json mode
[NX v22.5.4 Daemon Server] - 2026-03-20T13:09:23.889Z - Responding to GLOB message
[NX v22.5.4 Daemon Server] - 2026-03-20T13:09:23.889Z - [REQUEST]: Responding to the client. handleGlob
[NX v22.5.4 Daemon Server] - 2026-03-20T13:09:23.889Z - Done responding to the client handleGlob
[NX v22.5.4 Daemon Server] - 2026-03-20T13:09:23.889Z - Handled json message GLOB. Handling time: 0. Response time: 1.
[NX v22.5.4 Daemon Client] - 2026-03-20T13:09:23.889Z - [Messenger] Received message, length: 1065
[NX v22.5.4 Daemon Client] - 2026-03-20T13:09:23.890Z - [Messenger] Sending message type: HASH_MULTI_GLOB
[NX v22.5.4 Daemon Client] - 2026-03-20T13:09:23.890Z - [Messenger] Message sent
[NX v22.5.4 Daemon Server] - 2026-03-20T13:09:23.890Z - Received raw message of length 407
[NX v22.5.4 Daemon Server] - 2026-03-20T13:09:23.890Z - Received json message of type HASH_MULTI_GLOB
[NX v22.5.4 Daemon Server] - 2026-03-20T13:09:23.891Z - Serializing response for HASH_GLOB message in json mode
[NX v22.5.4 Daemon Server] - 2026-03-20T13:09:23.892Z - Responding to HASH_GLOB message
[NX v22.5.4 Daemon Server] - 2026-03-20T13:09:23.892Z - [REQUEST]: Responding to the client. handleHashMultiGlob
[NX v22.5.4 Daemon Server] - 2026-03-20T13:09:23.892Z - Done responding to the client handleHashMultiGlob
[NX v22.5.4 Daemon Server] - 2026-03-20T13:09:23.892Z - Handled json message HASH_GLOB. Handling time: 1. Response time: 1.
Time for 'GLOB round trip' 272.493359
Time for 'deserialize daemon response - GLOB' 0.06303800000000592
Time for 'daemon-message-serialization-HASH_MULTI_GLOB' 0.02562799999998333
[NX v22.5.4 Daemon Client] - 2026-03-20T13:09:23.892Z - [Messenger] Received message, length: 135
[NX v22.5.4 Daemon Server] - 2026-03-20T13:09:23.898Z - Closed a connection. Number of open connections: 2
[NX v22.5.4 Daemon Server] - 2026-03-20T13:09:23.902Z - Closed a connection. Number of open connections: 1
[NX v22.5.4 Daemon Server] - 2026-03-20T13:09:24.572Z - Time taken for 'build-project-configs' 945.727855ms
Time for '@nx/rspack/plugin:createNodes' 931.1461270000001
[NX v22.5.4 Daemon Server] - 2026-03-20T13:09:24.576Z - Time taken for '@nx/rspack/plugin:createDependencies' 7.541609000000108ms
[NX v22.5.4 Daemon Server] - 2026-03-20T13:09:24.624Z - [SYNC]: collect registered sync generators
[NX v22.5.4 Daemon Server] - 2026-03-20T13:09:24.630Z - Wrote project graph cache to /home/ladmin/showcase-projects/nx-rspack-module-federation/.nx/workspace-data/project-graph.json
[NX v22.5.4 Daemon Server] - 2026-03-20T13:09:24.631Z - Serializing response for REQUEST_PROJECT_GRAPH message in json mode
[NX v22.5.4 Daemon Server] - 2026-03-20T13:09:24.631Z - Responding to REQUEST_PROJECT_GRAPH message
[NX v22.5.4 Daemon Server] - 2026-03-20T13:09:24.631Z - [REQUEST]: Responding to the client. project-graph
[NX v22.5.4 Daemon Server] - 2026-03-20T13:09:24.632Z - Time taken for 'total for creating and serializing project graph' 1318.84343ms
[NX v22.5.4 Daemon Server] - 2026-03-20T13:09:24.633Z - Done responding to the client project-graph
[NX v22.5.4 Daemon Server] - 2026-03-20T13:09:24.633Z - Handled json message REQUEST_PROJECT_GRAPH. Handling time: 1319. Response time: 2.
[NX v22.5.4 Daemon Client] - 2026-03-20T13:09:24.634Z - [Messenger] Received message, length: 702102
[NX v22.5.4 Daemon Client] - 2026-03-20T13:09:24.639Z - [Messenger] Sending message type: PRE_TASKS_EXECUTION
[NX v22.5.4 Daemon Client] - 2026-03-20T13:09:24.640Z - [Messenger] Message sent
[NX v22.5.4 Daemon Server] - 2026-03-20T13:09:24.640Z - Received raw message of length 1097
[NX v22.5.4 Daemon Server] - 2026-03-20T13:09:24.640Z - Received json message of type PRE_TASKS_EXECUTION
[NX v22.5.4 Daemon Server] - 2026-03-20T13:09:24.642Z - Serializing response for PRE_TASKS_EXECUTION message in json mode
[NX v22.5.4 Daemon Server] - 2026-03-20T13:09:24.642Z - Responding to PRE_TASKS_EXECUTION message
[NX v22.5.4 Daemon Server] - 2026-03-20T13:09:24.642Z - [REQUEST]: Responding to the client. handleRunPreTasksExecution
[NX v22.5.4 Daemon Client] - 2026-03-20T13:09:24.642Z - [Messenger] Received message, length: 2
[NX v22.5.4 Daemon Server] - 2026-03-20T13:09:24.642Z - Done responding to the client handleRunPreTasksExecution
[NX v22.5.4 Daemon Server] - 2026-03-20T13:09:24.642Z - Handled json message PRE_TASKS_EXECUTION. Handling time: 2. Response time: 0.
[NX v22.5.4 Daemon Server] - 2026-03-20T13:09:24.642Z - Time taken for 'preTasksExecution' 1.0926280000001043ms
[NX v22.5.4 Daemon Client] - 2026-03-20T13:09:24.686Z - [Messenger] Sending message type: HASH_TASKS
[NX v22.5.4 Daemon Client] - 2026-03-20T13:09:24.686Z - [Messenger] Message sent
[NX v22.5.4 Daemon Server] - 2026-03-20T13:09:24.686Z - Received raw message of length 9783
[NX v22.5.4 Daemon Server] - 2026-03-20T13:09:24.687Z - Received json message of type HASH_TASKS
[NX v22.5.4 Daemon Server] - 2026-03-20T13:09:24.687Z - Reusing in-memory cached project graph because no files changed.
DEBUG nx::native::tasks::hash_planner: get_plans_internal COMPLETED in 3.795706ms - processed 3 tasks (setup: 3.032696ms, parallel_planning: 759.394µs)
DEBUG nx::native::tasks::hashers::hash_workspace_files: Hashing workspace fileset with inputs: Adding "10587654280647381679" (".gitignore") to hash
DEBUG nx::native::tasks::hashers::hash_workspace_files: Hashing workspace fileset with inputs: Adding "9564966330896148826" ("nx.json") to hash
DEBUG nx::native::tasks::hashers::hash_workspace_files: Hashing workspace fileset with inputs: Hash Value: "75492397599516201"
DEBUG nx::native::tasks::hashers::hash_workspace_files: Hashing workspace fileset with inputs: Adding "10587654280647381679" (".gitignore") to hash
DEBUG nx::native::tasks::hashers::hash_workspace_files: Hashing workspace fileset with inputs: Adding "9564966330896148826" ("nx.json") to hash
DEBUG nx::native::tasks::hashers::hash_workspace_files: Hashing workspace fileset with inputs: Hash Value: "75492397599516201"
DEBUG nx::native::tasks::hashers::hash_workspace_files: Hashing workspace fileset with inputs: Adding "10587654280647381679" (".gitignore") to hash
DEBUG nx::native::tasks::hashers::hash_workspace_files: Hashing workspace fileset with inputs: Adding "9564966330896148826" ("nx.json") to hash
DEBUG nx::native::tasks::hashers::hash_workspace_files: Hashing workspace fileset with inputs: Hash Value: "75492397599516201"
DEBUG nx::native::tasks::task_hasher: hash_plans COMPLETED in 7.513466ms - processed 3 plans (setup: 452.028µs, hashing: 7.059916ms, assembly: 3.206461ms)
[NX v22.5.4 Daemon Server] - 2026-03-20T13:09:24.708Z - Serializing response for HASH_TASKS message in json mode
[NX v22.5.4 Daemon Server] - 2026-03-20T13:09:24.709Z - Responding to HASH_TASKS message
[NX v22.5.4 Daemon Server] - 2026-03-20T13:09:24.709Z - [REQUEST]: Responding to the client. handleHashTasks
[NX v22.5.4 Daemon Server] - 2026-03-20T13:09:24.709Z - Done responding to the client handleHashTasks
[NX v22.5.4 Daemon Server] - 2026-03-20T13:09:24.709Z - Handled json message HASH_TASKS. Handling time: 21. Response time: 1.
[NX v22.5.4 Daemon Client] - 2026-03-20T13:09:24.710Z - [Messenger] Received message, length: 187793
[NX v22.5.4 Daemon Client] - 2026-03-20T13:09:24.719Z - [Messenger] Sending message type: GET_ESTIMATED_TASK_TIMINGS
[NX v22.5.4 Daemon Client] - 2026-03-20T13:09:24.719Z - [Messenger] Message sent
[NX v22.5.4 Daemon Server] - 2026-03-20T13:09:24.719Z - Received raw message of length 164
[NX v22.5.4 Daemon Server] - 2026-03-20T13:09:24.720Z - Received json message of type GET_ESTIMATED_TASK_TIMINGS
[NX v22.5.4 Daemon Server] - 2026-03-20T13:09:24.721Z - Serializing response for GET_ESTIMATED_TASK_TIMINGS message in json mode
[NX v22.5.4 Daemon Server] - 2026-03-20T13:09:24.721Z - Responding to GET_ESTIMATED_TASK_TIMINGS message
[NX v22.5.4 Daemon Server] - 2026-03-20T13:09:24.721Z - [REQUEST]: Responding to the client. handleGetEstimatedTaskTimings
[NX v22.5.4 Daemon Server] - 2026-03-20T13:09:24.721Z - Done responding to the client handleGetEstimatedTaskTimings
[NX v22.5.4 Daemon Server] - 2026-03-20T13:09:24.721Z - Handled json message GET_ESTIMATED_TASK_TIMINGS. Handling time: 1. Response time: 0.
[NX v22.5.4 Daemon Client] - 2026-03-20T13:09:24.721Z - [Messenger] Received message, length: 2
[NX v22.5.4 Daemon Server] - 2026-03-20T13:09:26.275Z - [NX-CONSOLE]: Successfully pulled latest Nx to /tmp/tmp-4974-NXU70jyopMcI
[NX v22.6.0 Daemon Server] - 2026-03-20T13:09:26.465Z - [NX-CONSOLE]: Using local implementation (NX_USE_LOCAL=true or inner call)
DEBUG nx::native::ide::install: Detected editor: VSCode
DEBUG nx::native::ide::install: Checking if Nx Console extension is installed with: code --list-extensions
DEBUG nx::native::ide::install: Nx Console extension is installed
[NX v22.5.4 Daemon Server] - 2026-03-20T13:09:27.168Z - [NX-CONSOLE]: Console status check completed, shouldPrompt: false
